I'm sorry, but errors were detected in your script. Please correct the
errors listed below, and try again.


File "game/script.rpy", line 8: expected statement.
    class Human(object):
               ^

Ren'Py Version: Ren'Py 8.0.3.22090809
Wed May  3 19:50:09 2023
